Array task: 1
Node: ag0004
GPUs: 0
Thu May 28 15:48:13 2026       
+---------------------------------------------------------------------------------------+
| NVIDIA-SMI 535.274.02             Driver Version: 535.274.02   CUDA Version: 12.2     |
|-----------------------------------------+----------------------+----------------------+
| GPU  Name                 Persistence-M | Bus-Id        Disp.A | Volatile Uncorr. ECC |
| Fan  Temp   Perf          Pwr:Usage/Cap |         Memory-Usage | GPU-Util  Compute M. |
|                                         |                      |               MIG M. |
|=========================================+======================+======================|
|   0  Tesla V100-SXM2-32GB           On  | 00000000:DF:00.0 Off |                    0 |
| N/A   40C    P0              43W / 300W |      0MiB / 32768MiB |      0%      Default |
|                                         |                      |                  N/A |
+-----------------------------------------+----------------------+----------------------+
                                                                                         
+---------------------------------------------------------------------------------------+
| Processes:                                                                            |
|  GPU   GI   CI        PID   Type   Process name                            GPU Memory |
|        ID   ID                                                             Usage      |
|=======================================================================================|
|  No running processes found                                                           |
+---------------------------------------------------------------------------------------+
  [fwd] call=1 loss=computing…
  [fwd] call=1 loss=2.2556

Iter 1 | avg_loss: 2.25558 | threads=8 | gpu=true
  [fwd] call=2 loss=computing…
  [fwd] call=2 loss=2.225

Iter 2 | avg_loss: 2.22496 | threads=8 | gpu=true
  [fwd] call=3 loss=computing…
  [fwd] call=3 loss=2.1988

Iter 3 | avg_loss: 2.19881 | threads=8 | gpu=true
  [fwd] call=4 loss=computing…
  [fwd] call=4 loss=2.178

Iter 4 | avg_loss: 2.17802 | threads=8 | gpu=true
  [fwd] call=5 loss=computing…
  [fwd] call=5 loss=2.1613

Iter 5 | avg_loss: 2.16127 | threads=8 | gpu=true
  [fwd] call=6 loss=computing…
  [fwd] call=6 loss=2.1474
