Array task: 3
Node: ag0004
GPUs: 0
call 1 

Iter 1 | avg_loss: 4.1452 | α=0.02 /n
call 2 

Iter 2 | avg_loss: 4.0692 | α=0.04 /n
call 3 

Iter 3 | avg_loss: 3.993 | α=0.06 /n
call 4 

Iter 4 | avg_loss: 3.9164 | α=0.08 /n
call 5 

Iter 5 | avg_loss: 3.8416 | α=0.1 /n
call 6 

Iter 6 | avg_loss: 3.7648 | α=0.12 /n
call 7 

Iter 7 | avg_loss: 3.6891 | α=0.14 /n
call 8 

Iter 8 | avg_loss: 3.6137 | α=0.16 /n
call 9 

Iter 9 | avg_loss: 3.5388 | α=0.18 /n
call 10 

Iter 10 | avg_loss: 3.4637 | α=0.2 /n
call 11 

Iter 11 | avg_loss: 3.3875 | α=0.22 /n
call 12 

Iter 12 | avg_loss: 3.3135 | α=0.24 /n
call 13 
