WARNING: Method definition rrule(typeof(Base.merge), T1, T2) where {T1<:(NamedTuple{names, T} where T<:Tuple where names), T2<:(NamedTuple{names, T} where T<:Tuple where names)} in module Lux at /net/people/plgrid/plgelenagdelpozo/.julia/packages/Lux/68T9j/src/chainrules.jl:17 overwritten in module ChainRules at /net/people/plgrid/plgelenagdelpozo/.julia/packages/ChainRules/esTf8/src/rulesets/Base/base.jl:313.
ERROR: Method overwriting is not permitted during Module precompilation. Use `__precompile__(false)` to opt-out of precompilation.
WARNING: replacing module ParametersMod.
WARNING: ignoring conflicting import of ParametersMod.parameters into PINNInfuserMod

[2744962] signal (7.2): Bus error
in expression starting at /net/afscra/people/plgelenagdelpozo/PINNFuser.jl/main/main.jl:29
unsafe_store! at ./pointer.jl:146 [inlined]
unsafe_store! at ./pointer.jl:146 [inlined]
jlunsafe_store! at /net/people/plgrid/plgelenagdelpozo/.julia/packages/JLD2/KyKLQ/src/types.jl:55 [inlined]
jlunsafe_store! at /net/people/plgrid/plgelenagdelpozo/.julia/packages/JLD2/KyKLQ/src/types.jl:29 [inlined]
_write at /net/people/plgrid/plgelenagdelpozo/.julia/packages/JLD2/KyKLQ/src/io/dataio.jl:46 [inlined]
jlwrite at /net/people/plgrid/plgelenagdelpozo/.julia/packages/JLD2/KyKLQ/src/types.jl:41 [inlined]
write_dataset at /net/people/plgrid/plgelenagdelpozo/.julia/packages/JLD2/KyKLQ/src/datasets.jl:337
unknown function (ip: 0x14fc77c4b485)
_jl_invoke at /cache/build/builder-amdci4-6/julialang/julia-release-1-dot-10/src/gf.c:2894 [inlined]
ijl_apply_generic at /cache/build/builder-amdci4-6/julialang/julia-release-1-dot-10/src/gf.c:3076
write_dataset at /net/people/plgrid/plgelenagdelpozo/.julia/packages/JLD2/KyKLQ/src/inlineunion.jl:48
write_dataset at /net/people/plgrid/plgelenagdelpozo/.julia/packages/JLD2/KyKLQ/src/inlineunion.jl:37 [inlined]
write_ref at /net/people/plgrid/plgelenagdelpozo/.julia/packages/JLD2/KyKLQ/src/datasets.jl:389 [inlined]
h5convert! at /net/people/plgrid/plgelenagdelpozo/.julia/packages/JLD2/KyKLQ/src/data/writing_datatypes.jl:323 [inlined]
macro expansion at /net/people/plgrid/plgelenagdelpozo/.julia/packages/JLD2/KyKLQ/src/data/writing_datatypes.jl:263 [inlined]
h5convert! at /net/people/plgrid/plgelenagdelpozo/.julia/packages/JLD2/KyKLQ/src/data/writing_datatypes.jl:263 [inlined]
macro expansion at /net/people/plgrid/plgelenagdelpozo/.julia/packages/JLD2/KyKLQ/src/data/writing_datatypes.jl:263 [inlined]
h5convert! at /net/people/plgrid/plgelenagdelpozo/.julia/packages/JLD2/KyKLQ/src/data/writing_datatypes.jl:263
unknown function (ip: 0x14fc77c49695)
_jl_invoke at /cache/build/builder-amdci4-6/julialang/julia-release-1-dot-10/src/gf.c:2894 [inlined]
ijl_apply_generic at /cache/build/builder-amdci4-6/julialang/julia-release-1-dot-10/src/gf.c:3076
write_data at /net/people/plgrid/plgelenagdelpozo/.julia/packages/JLD2/KyKLQ/src/io/dataio.jl:144
unknown function (ip: 0x14fc77c492a9)
_jl_invoke at /cache/build/builder-amdci4-6/julialang/julia-release-1-dot-10/src/gf.c:2894 [inlined]
ijl_apply_generic at /cache/build/builder-amdci4-6/julialang/julia-release-1-dot-10/src/gf.c:3076
write_dataset at /net/people/plgrid/plgelenagdelpozo/.julia/packages/JLD2/KyKLQ/src/datasets.jl:350
write_dataset at /net/people/plgrid/plgelenagdelpozo/.julia/packages/JLD2/KyKLQ/src/datasets.jl:307
jfptr_write_dataset_15142 at /net/people/plgrid/plgelenagdelpozo/.julia/compiled/v1.10/JLD2/O1EyT_XtXoW.so (unknown line)
_jl_invoke at /cache/build/builder-amdci4-6/julialang/julia-release-1-dot-10/src/gf.c:2894 [inlined]
ijl_apply_generic at /cache/build/builder-amdci4-6/julialang/julia-release-1-dot-10/src/gf.c:3076
write_dataset at /net/people/plgrid/plgelenagdelpozo/.julia/packages/JLD2/KyKLQ/src/datasets.jl:386
#write#131 at /net/people/plgrid/plgelenagdelpozo/.julia/packages/JLD2/KyKLQ/src/compression.jl:87
write at /net/people/plgrid/plgelenagdelpozo/.julia/packages/JLD2/KyKLQ/src/compression.jl:75 [inlined]
#write#130 at /net/people/plgrid/plgelenagdelpozo/.julia/packages/JLD2/KyKLQ/src/compression.jl:71 [inlined]
write at /net/people/plgrid/plgelenagdelpozo/.julia/packages/JLD2/KyKLQ/src/compression.jl:71 [inlined]
#jldsave#107 at /net/people/plgrid/plgelenagdelpozo/.julia/packages/JLD2/KyKLQ/src/loadsave.jl:290
jldsave at /net/people/plgrid/plgelenagdelpozo/.julia/packages/JLD2/KyKLQ/src/loadsave.jl:283 [inlined]
jldsave at /net/people/plgrid/plgelenagdelpozo/.julia/packages/JLD2/KyKLQ/src/loadsave.jl:283
unknown function (ip: 0x14fc77c38fc9)
_jl_invoke at /cache/build/builder-amdci4-6/julialang/julia-release-1-dot-10/src/gf.c:2894 [inlined]
ijl_apply_generic at /cache/build/builder-amdci4-6/julialang/julia-release-1-dot-10/src/gf.c:3076
jl_apply at /cache/build/builder-amdci4-6/julialang/julia-release-1-dot-10/src/julia.h:1982 [inlined]
do_call at /cache/build/builder-amdci4-6/julialang/julia-release-1-dot-10/src/interpreter.c:126
eval_value at /cache/build/builder-amdci4-6/julialang/julia-release-1-dot-10/src/interpreter.c:223
eval_stmt_value at /cache/build/builder-amdci4-6/julialang/julia-release-1-dot-10/src/interpreter.c:174 [inlined]
eval_body at /cache/build/builder-amdci4-6/julialang/julia-release-1-dot-10/src/interpreter.c:617
jl_interpret_toplevel_thunk at /cache/build/builder-amdci4-6/julialang/julia-release-1-dot-10/src/interpreter.c:775
jl_toplevel_eval_flex at /cache/build/builder-amdci4-6/julialang/julia-release-1-dot-10/src/toplevel.c:934
jl_toplevel_eval_flex at /cache/build/builder-amdci4-6/julialang/julia-release-1-dot-10/src/toplevel.c:877
ijl_toplevel_eval_in at /cache/build/builder-amdci4-6/julialang/julia-release-1-dot-10/src/toplevel.c:985
eval at ./boot.jl:385 [inlined]
include_string at ./loading.jl:2070
_jl_invoke at /cache/build/builder-amdci4-6/julialang/julia-release-1-dot-10/src/gf.c:2894 [inlined]
ijl_apply_generic at /cache/build/builder-amdci4-6/julialang/julia-release-1-dot-10/src/gf.c:3076
_include at ./loading.jl:2130
include at ./Base.jl:495
jfptr_include_46343.1 at /net/software/testing/software/Julia/1.10.0-linux-x86_64/lib/julia/sys.so (unknown line)
_jl_invoke at /cache/build/builder-amdci4-6/julialang/julia-release-1-dot-10/src/gf.c:2894 [inlined]
ijl_apply_generic at /cache/build/builder-amdci4-6/julialang/julia-release-1-dot-10/src/gf.c:3076
exec_options at ./client.jl:318
_start at ./client.jl:552
jfptr__start_82703.1 at /net/software/testing/software/Julia/1.10.0-linux-x86_64/lib/julia/sys.so (unknown line)
_jl_invoke at /cache/build/builder-amdci4-6/julialang/julia-release-1-dot-10/src/gf.c:2894 [inlined]
ijl_apply_generic at /cache/build/builder-amdci4-6/julialang/julia-release-1-dot-10/src/gf.c:3076
jl_apply at /cache/build/builder-amdci4-6/julialang/julia-release-1-dot-10/src/julia.h:1982 [inlined]
true_main at /cache/build/builder-amdci4-6/julialang/julia-release-1-dot-10/src/jlapi.c:582
jl_repl_entrypoint at /cache/build/builder-amdci4-6/julialang/julia-release-1-dot-10/src/jlapi.c:731
main at julia (unknown line)
__libc_start_main at /lib64/libc.so.6 (unknown line)
unknown function (ip: 0x4010b8)
Allocations: 4672318849 (Pool: 4611279676; Big: 61039173); GC: 2824
/var/spool/slurmd/job20239097/slurm_script: line 31: 2744962 Bus error               (core dumped) julia --threads=auto --project=. main/main.jl $SLURM_ARRAY_TASK_ID
