Array task: 5
Node: ag0001
GPUs: 0
Thu May 28 11:48:40 2026       
+---------------------------------------------------------------------------------------+
| NVIDIA-SMI 535.274.02             Driver Version: 535.274.02   CUDA Version: 12.2     |
|-----------------------------------------+----------------------+----------------------+
| GPU  Name                 Persistence-M | Bus-Id        Disp.A | Volatile Uncorr. ECC |
| Fan  Temp   Perf          Pwr:Usage/Cap |         Memory-Usage | GPU-Util  Compute M. |
|                                         |                      |               MIG M. |
|=========================================+======================+======================|
|   0  Tesla V100-SXM2-32GB           On  | 00000000:B5:00.0 Off |                    0 |
| N/A   41C    P0              43W / 300W |      0MiB / 32768MiB |      0%      Default |
|                                         |                      |                  N/A |
+-----------------------------------------+----------------------+----------------------+
                                                                                         
+---------------------------------------------------------------------------------------+
| Processes:                                                                            |
|  GPU   GI   CI        PID   Type   Process name                            GPU Memory |
|        ID   ID                                                             Usage      |
|=======================================================================================|
|  No running processes found                                                           |
+---------------------------------------------------------------------------------------+
  [fwd] call=1 loss=computing…
  [fwd] call=1 loss=2.4574

Iter 1 | avg_loss: 2.45743 | threads=8 | gpu=true
  [fwd] call=2 loss=computing…
  [fwd] call=2 loss=2.4466

Iter 2 | avg_loss: 2.44664 | threads=8 | gpu=true
  [fwd] call=3 loss=computing…
  [fwd] call=3 loss=2.4377

Iter 3 | avg_loss: 2.43774 | threads=8 | gpu=true
  [fwd] call=4 loss=computing…
  [fwd] call=4 loss=2.4304

Iter 4 | avg_loss: 2.43044 | threads=8 | gpu=true
  [fwd] call=5 loss=computing…
  [fwd] call=5 loss=2.4232
