Array task: 3
Node: ag0008
GPUs: 0

call 1 
Iter 1 | avg_loss: 0.47652

call 2 
Iter 2 | avg_loss: 0.47533

call 3 
Iter 3 | avg_loss: 0.47527

call 4 
Iter 4 | avg_loss: 0.47579

call 5 
Iter 5 | avg_loss: 0.4755

call 6 
Iter 6 | avg_loss: 0.47442

call 7 
Iter 7 | avg_loss: 0.4733

call 8 
Iter 8 | avg_loss: 0.47282

call 9 
Iter 9 | avg_loss: 0.47216

call 10 
Iter 10 | avg_loss: 0.47119

call 11 
Iter 11 | avg_loss: 0.47049

call 12 
Iter 12 | avg_loss: 0.47067

call 13 
Iter 13 | avg_loss: 0.47085

call 14 
Iter 14 | avg_loss: 0.47017

call 15 
Iter 15 | avg_loss: 0.46934

call 16 
Iter 16 | avg_loss: 0.4699

call 17 
Iter 17 | avg_loss: 0.46964

call 18 
Iter 18 | avg_loss: 0.47

call 19 
Iter 19 | avg_loss: 0.47009

call 20 
Iter 20 | avg_loss: 0.4688

call 21 
Iter 21 | avg_loss: 0.46993

call 22 
Iter 22 | avg_loss: 0.46801

call 23 
Iter 23 | avg_loss: 0.46862

call 24 
Iter 24 | avg_loss: 0.4686

call 25 
Iter 25 | avg_loss: 0.46869

call 26 
Iter 26 | avg_loss: 0.46741

call 27 
Iter 27 | avg_loss: 0.46779

call 28 
Iter 28 | avg_loss: 0.46719

call 29 
Iter 29 | avg_loss: 0.46616

call 30 
Iter 30 | avg_loss: 0.46662

call 31 
Iter 31 | avg_loss: 0.46602

call 32 
Iter 32 | avg_loss: 0.46627

call 33 
Iter 33 | avg_loss: 0.4668

call 34 
Iter 34 | avg_loss: 0.46875

call 35 
Iter 35 | avg_loss: 0.46821

call 36 
Iter 36 | avg_loss: 0.46882

call 37 
Iter 37 | avg_loss: 0.4695

call 38 
Iter 38 | avg_loss: 0.4707

call 39 
Iter 39 | avg_loss: 0.47157

call 40 
Iter 40 | avg_loss: 0.47093

call 41 
Iter 41 | avg_loss: 0.4695

call 42 
Iter 42 | avg_loss: 0.46518

call 43 
Iter 43 | avg_loss: 0.46442

call 44 
Iter 44 | avg_loss: 0.46322

call 45 
Iter 45 | avg_loss: 0.4625

call 46 
Iter 46 | avg_loss: 0.46258

call 47 
Iter 47 | avg_loss: 0.46159

call 48 
Iter 48 | avg_loss: 0.46262

call 49 
Iter 49 | avg_loss: 0.46133

call 50 
Iter 50 | avg_loss: 0.46051

call 51 
Iter 51 | avg_loss: 0.45913

call 52 
Iter 52 | avg_loss: 0.45844

call 53 
Iter 53 | avg_loss: 0.45914

call 54 
Iter 54 | avg_loss: 0.45795

call 55 
Iter 55 | avg_loss: 0.45898

call 56 
Iter 56 | avg_loss: 0.45815

call 57 
Iter 57 | avg_loss: 0.45996

call 58 
Iter 58 | avg_loss: 0.45825

call 59 
Iter 59 | avg_loss: 0.45696

call 60 
Iter 60 | avg_loss: 0.4576

call 61 
Iter 61 | avg_loss: 0.45707

call 62 
Iter 62 | avg_loss: 0.45638

call 63 
Iter 63 | avg_loss: 0.45774

call 64 
Iter 64 | avg_loss: 0.45751

call 65 
Iter 65 | avg_loss: 0.45911

call 66 
Iter 66 | avg_loss: 0.45661

call 67 
Iter 67 | avg_loss: 0.45659

call 68 
Iter 68 | avg_loss: 0.45747

call 69 
Iter 69 | avg_loss: 0.45906

call 70 
Iter 70 | avg_loss: 0.45546

call 71 
Iter 71 | avg_loss: 0.45569

call 72 
Iter 72 | avg_loss: 0.45596

call 73 
Iter 73 | avg_loss: 0.45601

call 74 
Iter 74 | avg_loss: 0.45602

call 75 
Iter 75 | avg_loss: 0.45464

call 76 
Iter 76 | avg_loss: 0.45573

call 77 
Iter 77 | avg_loss: 0.45595

call 78 
Iter 78 | avg_loss: 0.45411

call 79 
Iter 79 | avg_loss: 0.45453

call 80 
Iter 80 | avg_loss: 0.45821

call 81 
Iter 81 | avg_loss: 0.45693

call 82 
Iter 82 | avg_loss: 0.45597

call 83 
Iter 83 | avg_loss: 0.45673

call 84 
Iter 84 | avg_loss: 0.45544

call 85 
Iter 85 | avg_loss: 0.45632

call 86 
Iter 86 | avg_loss: 0.45708

call 87 
Iter 87 | avg_loss: 0.45715

call 88 
Iter 88 | avg_loss: 0.45552

call 89 
Iter 89 | avg_loss: 0.45563

call 90 
Iter 90 | avg_loss: 0.4544

call 91 
Iter 91 | avg_loss: 0.45266

call 92 
Iter 92 | avg_loss: 0.45104

call 93 
Iter 93 | avg_loss: 0.45158

call 94 
Iter 94 | avg_loss: 0.44966

call 95 
Iter 95 | avg_loss: 0.45055

call 96 
Iter 96 | avg_loss: 0.45063

call 97 
Iter 97 | avg_loss: 0.44957

call 98 
Iter 98 | avg_loss: 0.44937

call 99 
Iter 99 | avg_loss: 0.44741

call 100 
Iter 100 | avg_loss: 0.44705

call 101 
Iter 101 | avg_loss: 0.448
