Array task: 6
Node: ag0008
GPUs: 0

call 1 
Iter 1 | avg_loss: 0.46097

call 2 
Iter 2 | avg_loss: 0.46011

call 3 
Iter 3 | avg_loss: 0.45942

call 4 
Iter 4 | avg_loss: 0.45871

call 5 
Iter 5 | avg_loss: 0.4582

call 6 
Iter 6 | avg_loss: 0.45727

call 7 
Iter 7 | avg_loss: 0.45659

call 8 
Iter 8 | avg_loss: 0.45616

call 9 
Iter 9 | avg_loss: 0.45543

call 10 
Iter 10 | avg_loss: 0.45487

call 11 
Iter 11 | avg_loss: 0.45433

call 12 
Iter 12 | avg_loss: 0.45382

call 13 
Iter 13 | avg_loss: 0.45335

call 14 
Iter 14 | avg_loss: 0.45255

call 15 
Iter 15 | avg_loss: 0.45213

call 16 
Iter 16 | avg_loss: 0.45137

call 17 
Iter 17 | avg_loss: 0.45103

call 18 
Iter 18 | avg_loss: 0.4504

call 19 
Iter 19 | avg_loss: 0.44991

call 20 
Iter 20 | avg_loss: 0.44931

call 21 
Iter 21 | avg_loss: 0.44886

call 22 
Iter 22 | avg_loss: 0.44843

call 23 
Iter 23 | avg_loss: 0.44775

call 24 
Iter 24 | avg_loss: 0.44741

call 25 
Iter 25 | avg_loss: 0.44678

call 26 
Iter 26 | avg_loss: 0.4463

call 27 
Iter 27 | avg_loss: 0.44575

call 28 
Iter 28 | avg_loss: 0.44528

call 29 
Iter 29 | avg_loss: 0.44473

call 30 
Iter 30 | avg_loss: 0.44436

call 31 
Iter 31 | avg_loss: 0.4435

call 32 
Iter 32 | avg_loss: 0.44314

call 33 
Iter 33 | avg_loss: 0.44285

call 34 
Iter 34 | avg_loss: 0.44217

call 35 
Iter 35 | avg_loss: 0.44176

call 36 
Iter 36 | avg_loss: 0.44147

call 37 
Iter 37 | avg_loss: 0.44067

call 38 
Iter 38 | avg_loss: 0.44022

call 39 
Iter 39 | avg_loss: 0.4396

call 40 
Iter 40 | avg_loss: 0.43918

call 41 
Iter 41 | avg_loss: 0.43879

call 42 
Iter 42 | avg_loss: 0.43834

call 43 
Iter 43 | avg_loss: 0.43777

call 44 
Iter 44 | avg_loss: 0.43745

call 45 
Iter 45 | avg_loss: 0.4371

call 46 
Iter 46 | avg_loss: 0.43659

call 47 
Iter 47 | avg_loss: 0.43612

call 48 
Iter 48 | avg_loss: 0.43591

call 49 
Iter 49 | avg_loss: 0.43522

call 50 
Iter 50 | avg_loss: 0.43494

call 51 
Iter 51 | avg_loss: 0.43445

call 52 
Iter 52 | avg_loss: 0.43413

call 53 
Iter 53 | avg_loss: 0.43377

call 54 
Iter 54 | avg_loss: 0.43335

call 55 
Iter 55 | avg_loss: 0.43297

call 56 
Iter 56 | avg_loss: 0.43249

call 57 
Iter 57 | avg_loss: 0.43214

call 58 
Iter 58 | avg_loss: 0.43201

call 59 
Iter 59 | avg_loss: 0.43161

call 60 
Iter 60 | avg_loss: 0.43109

call 61 
Iter 61 | avg_loss: 0.43086

call 62 
Iter 62 | avg_loss: 0.43045

call 63 
Iter 63 | avg_loss: 0.43013

call 64 
Iter 64 | avg_loss: 0.42987

call 65 
Iter 65 | avg_loss: 0.42942

call 66 
Iter 66 | avg_loss: 0.42914

call 67 
Iter 67 | avg_loss: 0.42895

call 68 
Iter 68 | avg_loss: 0.42851

call 69 
Iter 69 | avg_loss: 0.42849

call 70 
Iter 70 | avg_loss: 0.42804

call 71 
Iter 71 | avg_loss: 0.42785

call 72 
Iter 72 | avg_loss: 0.42753

call 73 
Iter 73 | avg_loss: 0.42728

call 74 
Iter 74 | avg_loss: 0.42676

call 75 
Iter 75 | avg_loss: 0.42672

call 76 
Iter 76 | avg_loss: 0.42642

call 77 
Iter 77 | avg_loss: 0.42633

call 78 
Iter 78 | avg_loss: 0.4258

call 79 
Iter 79 | avg_loss: 0.42553

call 80 
Iter 80 | avg_loss: 0.42541

call 81 
Iter 81 | avg_loss: 0.42531

call 82 
Iter 82 | avg_loss: 0.42487

call 83 
Iter 83 | avg_loss: 0.4248

call 84 
Iter 84 | avg_loss: 0.42442

call 85 
Iter 85 | avg_loss: 0.42437

call 86 
Iter 86 | avg_loss: 0.42396

call 87 
Iter 87 | avg_loss: 0.42381

call 88 
Iter 88 | avg_loss: 0.42365

call 89 
Iter 89 | avg_loss: 0.42333

call 90 
Iter 90 | avg_loss: 0.42315

call 91 
Iter 91 | avg_loss: 0.42288

call 92 
Iter 92 | avg_loss: 0.42267

call 93 
Iter 93 | avg_loss: 0.42219

call 94 
Iter 94 | avg_loss: 0.42208

call 95 
Iter 95 | avg_loss: 0.42185

call 96 
Iter 96 | avg_loss: 0.42153

call 97 
Iter 97 | avg_loss: 0.42138

call 98 
Iter 98 | avg_loss: 0.42094

call 99 
Iter 99 | avg_loss: 0.42077

call 100 
Iter 100 | avg_loss: 0.42044

call 101 
Iter 101 | avg_loss: 0.42063
