Array task: 4
Node: ag0008
GPUs: 0
Thu May 28 10:44:49 2026       
+---------------------------------------------------------------------------------------+
| NVIDIA-SMI 535.274.02             Driver Version: 535.274.02   CUDA Version: 12.2     |
|-----------------------------------------+----------------------+----------------------+
| GPU  Name                 Persistence-M | Bus-Id        Disp.A | Volatile Uncorr. ECC |
| Fan  Temp   Perf          Pwr:Usage/Cap |         Memory-Usage | GPU-Util  Compute M. |
|                                         |                      |               MIG M. |
|=========================================+======================+======================|
|   0  Tesla V100-SXM2-32GB           On  | 00000000:B5:00.0 Off |                    0 |
| N/A   40C    P0              43W / 300W |      0MiB / 32768MiB |      0%      Default |
|                                         |                      |                  N/A |
+-----------------------------------------+----------------------+----------------------+
                                                                                         
+---------------------------------------------------------------------------------------+
| Processes:                                                                            |
|  GPU   GI   CI        PID   Type   Process name                            GPU Memory |
|        ID   ID                                                             Usage      |
|=======================================================================================|
|  No running processes found                                                           |
+---------------------------------------------------------------------------------------+

Iter 26 | avg_loss: 1.06222 | threads=8 | gpu=true
  [fwd] call=27 loss=computing…
  [fwd] call=27 loss=1.0627

Iter 27 | avg_loss: 1.06271 | threads=8 | gpu=true
  [fwd] call=28 loss=computing…
  [fwd] call=28 loss=1.0662

Iter 28 | avg_loss: 1.06625 | threads=8 | gpu=true
  [fwd] call=1 loss=computing…
  [fwd] call=1 loss=1.4042

Iter 1 | avg_loss: 1.40419 | threads=8 | gpu=true
  [fwd] call=2 loss=computing…
  [fwd] call=2 loss=1.3878

Iter 2 | avg_loss: 1.38775 | threads=8 | gpu=true
  [fwd] call=3 loss=computing…
  [fwd] call=3 loss=1.3732

Iter 3 | avg_loss: 1.37322 | threads=8 | gpu=true
  [fwd] call=4 loss=computing…
  [fwd] call=4 loss=1.3596

Iter 4 | avg_loss: 1.35961 | threads=8 | gpu=true
  [fwd] call=5 loss=computing…
  [fwd] call=5 loss=1.3457

Iter 5 | avg_loss: 1.34568 | threads=8 | gpu=true
  [fwd] call=6 loss=computing…
  [fwd] call=6 loss=1.3337

Iter 6 | avg_loss: 1.33372 | threads=8 | gpu=true
  [fwd] call=7 loss=computing…
  [fwd] call=7 loss=1.321

Iter 7 | avg_loss: 1.32104 | threads=8 | gpu=true
  [fwd] call=8 loss=computing…
  [fwd] call=8 loss=1.3088

Iter 8 | avg_loss: 1.30875 | threads=8 | gpu=true
  [fwd] call=9 loss=computing…
  [fwd] call=9 loss=1.2964

Iter 9 | avg_loss: 1.29642 | threads=8 | gpu=true
  [fwd] call=10 loss=computing…
  [fwd] call=10 loss=1.2839

Iter 10 | avg_loss: 1.2839 | threads=8 | gpu=true
  [fwd] call=11 loss=computing…
  [fwd] call=11 loss=1.271

Iter 11 | avg_loss: 1.27099 | threads=8 | gpu=true
  [fwd] call=12 loss=computing…
  [fwd] call=12 loss=1.2583

Iter 12 | avg_loss: 1.25835 | threads=8 | gpu=true
  [fwd] call=13 loss=computing…
  [fwd] call=13 loss=1.2446

Iter 13 | avg_loss: 1.24463 | threads=8 | gpu=true
  [fwd] call=14 loss=computing…
  [fwd] call=14 loss=1.2296

Iter 14 | avg_loss: 1.22961 | threads=8 | gpu=true
  [fwd] call=15 loss=computing…
  [fwd] call=15 loss=1.2143

Iter 15 | avg_loss: 1.21428 | threads=8 | gpu=true
  [fwd] call=16 loss=computing…
  [fwd] call=16 loss=1.1978

Iter 16 | avg_loss: 1.19776 | threads=8 | gpu=true
  [fwd] call=17 loss=computing…
  [fwd] call=17 loss=1.1809

Iter 17 | avg_loss: 1.18086 | threads=8 | gpu=true
  [fwd] call=18 loss=computing…
  [fwd] call=18 loss=1.1633

Iter 18 | avg_loss: 1.1633 | threads=8 | gpu=true
  [fwd] call=19 loss=computing…
  [fwd] call=19 loss=1.1462
