Array task: 2
Node: ag0007
GPUs: 0
Thu May 28 10:44:49 2026       
+---------------------------------------------------------------------------------------+
| NVIDIA-SMI 535.274.02             Driver Version: 535.274.02   CUDA Version: 12.2     |
|-----------------------------------------+----------------------+----------------------+
| GPU  Name                 Persistence-M | Bus-Id        Disp.A | Volatile Uncorr. ECC |
| Fan  Temp   Perf          Pwr:Usage/Cap |         Memory-Usage | GPU-Util  Compute M. |
|                                         |                      |               MIG M. |
|=========================================+======================+======================|
|   0  Tesla V100-SXM2-32GB           On  | 00000000:2D:00.0 Off |                    0 |
| N/A   41C    P0              42W / 300W |      0MiB / 32768MiB |      0%      Default |
|                                         |                      |                  N/A |
+-----------------------------------------+----------------------+----------------------+
                                                                                         
+---------------------------------------------------------------------------------------+
| Processes:                                                                            |
|  GPU   GI   CI        PID   Type   Process name                            GPU Memory |
|        ID   ID                                                             Usage      |
|=======================================================================================|
|  No running processes found                                                           |
+---------------------------------------------------------------------------------------+
  [fwd] call=1 loss=computing…
  [fwd] call=1 loss=1.4042

Iter 1 | avg_loss: 1.40419 | threads=8 | gpu=true
  [fwd] call=2 loss=computing…
  [fwd] call=2 loss=1.3878

Iter 2 | avg_loss: 1.38775 | threads=8 | gpu=true
  [fwd] call=3 loss=computing…
  [fwd] call=3 loss=1.3733

Iter 3 | avg_loss: 1.37326 | threads=8 | gpu=true
  [fwd] call=4 loss=computing…
  [fwd] call=4 loss=1.3605

Iter 4 | avg_loss: 1.36055 | threads=8 | gpu=true
  [fwd] call=5 loss=computing…
  [fwd] call=5 loss=1.3469

Iter 5 | avg_loss: 1.34686 | threads=8 | gpu=true
  [fwd] call=6 loss=computing…
  [fwd] call=6 loss=1.335

Iter 6 | avg_loss: 1.33504 | threads=8 | gpu=true
  [fwd] call=7 loss=computing…
  [fwd] call=7 loss=1.3233

Iter 7 | avg_loss: 1.32329 | threads=8 | gpu=true
  [fwd] call=8 loss=computing…
  [fwd] call=8 loss=1.3131

Iter 8 | avg_loss: 1.31315 | threads=8 | gpu=true
  [fwd] call=9 loss=computing…
  [fwd] call=9 loss=1.3036

Iter 9 | avg_loss: 1.30364 | threads=8 | gpu=true
  [fwd] call=10 loss=computing…
  [fwd] call=10 loss=1.2947

Iter 10 | avg_loss: 1.29471 | threads=8 | gpu=true
  [fwd] call=11 loss=computing…
  [fwd] call=11 loss=1.2856

Iter 11 | avg_loss: 1.28558 | threads=8 | gpu=true
  [fwd] call=12 loss=computing…
  [fwd] call=12 loss=1.2772

Iter 12 | avg_loss: 1.27723 | threads=8 | gpu=true
  [fwd] call=13 loss=computing…
  [fwd] call=13 loss=1.2699

Iter 13 | avg_loss: 1.26994 | threads=8 | gpu=true
  [fwd] call=14 loss=computing…
  [fwd] call=14 loss=1.2625

Iter 14 | avg_loss: 1.26247 | threads=8 | gpu=true
  [fwd] call=15 loss=computing…
  [fwd] call=15 loss=1.2535

Iter 15 | avg_loss: 1.25353 | threads=8 | gpu=true
  [fwd] call=16 loss=computing…
  [fwd] call=16 loss=1.2447

Iter 16 | avg_loss: 1.24472 | threads=8 | gpu=true
  [fwd] call=17 loss=computing…
  [fwd] call=17 loss=1.2377

Iter 17 | avg_loss: 1.23765 | threads=8 | gpu=true
  [fwd] call=18 loss=computing…
  [fwd] call=18 loss=1.2387

Iter 18 | avg_loss: 1.23868 | threads=8 | gpu=true
