Array task: 1
Node: ag0005
GPUs: 0
Thu May 28 10:44:49 2026       
+---------------------------------------------------------------------------------------+
| NVIDIA-SMI 535.274.02             Driver Version: 535.274.02   CUDA Version: 12.2     |
|-----------------------------------------+----------------------+----------------------+
| GPU  Name                 Persistence-M | Bus-Id        Disp.A | Volatile Uncorr. ECC |
| Fan  Temp   Perf          Pwr:Usage/Cap |         Memory-Usage | GPU-Util  Compute M. |
|                                         |                      |               MIG M. |
|=========================================+======================+======================|
|   0  Tesla V100-SXM2-32GB           On  | 00000000:DF:00.0 Off |                    0 |
| N/A   40C    P0              44W / 300W |      0MiB / 32768MiB |      0%      Default |
|                                         |                      |                  N/A |
+-----------------------------------------+----------------------+----------------------+
                                                                                         
+---------------------------------------------------------------------------------------+
| Processes:                                                                            |
|  GPU   GI   CI        PID   Type   Process name                            GPU Memory |
|        ID   ID                                                             Usage      |
|=======================================================================================|
|  No running processes found                                                           |
+---------------------------------------------------------------------------------------+
  [fwd] call=1 loss=computing…
  [fwd] call=1 loss=1.4042

Iter 1 | avg_loss: 1.40419 | threads=8 | gpu=true
  [fwd] call=2 loss=computing…
  [fwd] call=2 loss=1.3878

Iter 2 | avg_loss: 1.38775 | threads=8 | gpu=true
  [fwd] call=3 loss=computing…
  [fwd] call=3 loss=1.3733

Iter 3 | avg_loss: 1.37326 | threads=8 | gpu=true
  [fwd] call=4 loss=computing…
  [fwd] call=4 loss=1.3597

Iter 4 | avg_loss: 1.35974 | threads=8 | gpu=true
  [fwd] call=5 loss=computing…
  [fwd] call=5 loss=1.3466

Iter 5 | avg_loss: 1.34656 | threads=8 | gpu=true
  [fwd] call=6 loss=computing…
  [fwd] call=6 loss=1.3346

Iter 6 | avg_loss: 1.33464 | threads=8 | gpu=true
  [fwd] call=7 loss=computing…
  [fwd] call=7 loss=1.3232

Iter 7 | avg_loss: 1.32315 | threads=8 | gpu=true
  [fwd] call=8 loss=computing…
  [fwd] call=8 loss=1.3131

Iter 8 | avg_loss: 1.31312 | threads=8 | gpu=true
  [fwd] call=9 loss=computing…
  [fwd] call=9 loss=1.3031

Iter 9 | avg_loss: 1.3031 | threads=8 | gpu=true
  [fwd] call=10 loss=computing…
  [fwd] call=10 loss=1.2936

Iter 10 | avg_loss: 1.29359 | threads=8 | gpu=true
  [fwd] call=11 loss=computing…
  [fwd] call=11 loss=1.2849

Iter 11 | avg_loss: 1.28492 | threads=8 | gpu=true
  [fwd] call=12 loss=computing…
  [fwd] call=12 loss=1.2783

Iter 12 | avg_loss: 1.27825 | threads=8 | gpu=true
  [fwd] call=13 loss=computing…
  [fwd] call=13 loss=1.2699

Iter 13 | avg_loss: 1.26987 | threads=8 | gpu=true
  [fwd] call=14 loss=computing…
  [fwd] call=14 loss=1.2621

Iter 14 | avg_loss: 1.26214 | threads=8 | gpu=true
  [fwd] call=15 loss=computing…
  [fwd] call=15 loss=1.254

Iter 15 | avg_loss: 1.254 | threads=8 | gpu=true
  [fwd] call=16 loss=computing…
  [fwd] call=16 loss=1.2446

Iter 16 | avg_loss: 1.2446 | threads=8 | gpu=true
  [fwd] call=17 loss=computing…
  [fwd] call=17 loss=1.2381

Iter 17 | avg_loss: 1.23808 | threads=8 | gpu=true
  [fwd] call=18 loss=computing…
  [fwd] call=18 loss=1.2379

Iter 18 | avg_loss: 1.23787 | threads=8 | gpu=true
  [fwd] call=19 loss=computing…
  [fwd] call=19 loss=1.2411

Iter 19 | avg_loss: 1.24114 | threads=8 | gpu=true
