Array task: 6
Node: ag0005
GPUs: 0
call 1 

Iter 1 | avg_loss: 5.0754 | α=0.02
call 2 

Iter 2 | avg_loss: 4.9896 | α=0.04
call 3 

Iter 3 | avg_loss: 4.9088 | α=0.06
call 4 

Iter 4 | avg_loss: 4.8273 | α=0.08
call 5 

Iter 5 | avg_loss: 4.7478 | α=0.1
call 6 

Iter 6 | avg_loss: 4.6664 | α=0.12
call 7 

Iter 7 | avg_loss: 4.5848 | α=0.14
call 8 

Iter 8 | avg_loss: 4.5047 | α=0.16
call 9 

Iter 9 | avg_loss: 4.425 | α=0.18
call 10 

Iter 10 | avg_loss: 4.3441 | α=0.2
call 11 

Iter 11 | avg_loss: 4.2642 | α=0.22
call 12 

Iter 12 | avg_loss: 4.1831 | α=0.24
call 13 

Iter 13 | avg_loss: 4.1032 | α=0.26
call 14 

Iter 14 | avg_loss: 4.0222 | α=0.28
call 15 

Iter 15 | avg_loss: 3.9438 | α=0.3
call 16 

Iter 16 | avg_loss: 3.8641 | α=0.32
call 17 

Iter 17 | avg_loss: 3.7842 | α=0.34
call 18 

Iter 18 | avg_loss: 3.7049 | α=0.36
call 19 

Iter 19 | avg_loss: 3.625 | α=0.38
call 20 

Iter 20 | avg_loss: 3.546 | α=0.4
call 21 

Iter 21 | avg_loss: 3.4676 | α=0.42
call 22 

Iter 22 | avg_loss: 3.3886 | α=0.44
call 23 

Iter 23 | avg_loss: 3.3091 | α=0.46
call 24 

Iter 24 | avg_loss: 3.2302 | α=0.48
call 25 

Iter 25 | avg_loss: 3.1519 | α=0.5
call 26 

Iter 26 | avg_loss: 3.0724 | α=0.52
call 27 

Iter 27 | avg_loss: 2.9945 | α=0.54
call 28 

Iter 28 | avg_loss: 2.9162 | α=0.56
call 29 

Iter 29 | avg_loss: 2.8373 | α=0.58
call 30 

Iter 30 | avg_loss: 2.7599 | α=0.6
call 31 

Iter 31 | avg_loss: 2.6814 | α=0.62
call 32 

Iter 32 | avg_loss: 2.6031 | α=0.64
call 33 

Iter 33 | avg_loss: 2.525 | α=0.66
call 34 

Iter 34 | avg_loss: 2.447 | α=0.68
call 35 

Iter 35 | avg_loss: 2.3689 | α=0.7
call 36 

Iter 36 | avg_loss: 2.2906 | α=0.72
call 37 

Iter 37 | avg_loss: 2.2129 | α=0.74
call 38 

Iter 38 | avg_loss: 2.1347 | α=0.76
call 39 

Iter 39 | avg_loss: 2.0568 | α=0.78
call 40 

Iter 40 | avg_loss: 1.9791 | α=0.8
call 41 

Iter 41 | avg_loss: 1.9012 | α=0.82
call 42 

Iter 42 | avg_loss: 1.8233 | α=0.84
call 43 

Iter 43 | avg_loss: 1.7455 | α=0.86
call 44 

Iter 44 | avg_loss: 1.6678 | α=0.88
call 45 

Iter 45 | avg_loss: 1.5902 | α=0.9
call 46 

Iter 46 | avg_loss: 1.5122 | α=0.92
call 47 

Iter 47 | avg_loss: 1.4345 | α=0.94
call 48 

Iter 48 | avg_loss: 1.3568 | α=0.96
call 49 

Iter 49 | avg_loss: 1.279 | α=0.98
call 50 

Iter 50 | avg_loss: 1.2013 | α=1.0
call 51 

Iter 51 | avg_loss: 1.1237 | α=1.0
call 52 

Iter 52 | avg_loss: 1.1233 | α=1.0
call 53 

Iter 53 | avg_loss: 1.1229 | α=1.0
call 54 

Iter 54 | avg_loss: 1.1225 | α=1.0
call 55 

Iter 55 | avg_loss: 1.122 | α=1.0
call 56 

Iter 56 | avg_loss: 1.1215 | α=1.0
call 57 

Iter 57 | avg_loss: 1.121 | α=1.0
call 58 

Iter 58 | avg_loss: 1.1206 | α=1.0
call 59 

Iter 59 | avg_loss: 1.1198 | α=1.0
call 60 

Iter 60 | avg_loss: 1.1197 | α=1.0
call 61 

Iter 61 | avg_loss: 1.1192 | α=1.0
call 62 

Iter 62 | avg_loss: 1.1188 | α=1.0
call 63 

Iter 63 | avg_loss: 1.1183 | α=1.0
call 64 

Iter 64 | avg_loss: 1.1178 | α=1.0
call 65 

Iter 65 | avg_loss: 1.1174 | α=1.0
call 66 

Iter 66 | avg_loss: 1.1169 | α=1.0
call 67 

Iter 67 | avg_loss: 1.1165 | α=1.0
call 68 

Iter 68 | avg_loss: 1.116 | α=1.0
call 69 

Iter 69 | avg_loss: 1.1157 | α=1.0
call 70 

Iter 70 | avg_loss: 1.1153 | α=1.0
call 71 

Iter 71 | avg_loss: 1.1149 | α=1.0
call 72 

Iter 72 | avg_loss: 1.1145 | α=1.0
call 73 

Iter 73 | avg_loss: 1.114 | α=1.0
call 74 

Iter 74 | avg_loss: 1.1137 | α=1.0
call 75 

Iter 75 | avg_loss: 1.1133 | α=1.0
call 76 

Iter 76 | avg_loss: 1.1129 | α=1.0
call 77 

Iter 77 | avg_loss: 1.1126 | α=1.0
call 78 

Iter 78 | avg_loss: 1.1122 | α=1.0
call 79 

Iter 79 | avg_loss: 1.1119 | α=1.0
call 80 

Iter 80 | avg_loss: 1.1116 | α=1.0
call 81 

Iter 81 | avg_loss: 1.1112 | α=1.0
call 82 

Iter 82 | avg_loss: 1.1109 | α=1.0
call 83 

Iter 83 | avg_loss: 1.1106 | α=1.0
call 84 

Iter 84 | avg_loss: 1.1103 | α=1.0
call 85 

Iter 85 | avg_loss: 1.11 | α=1.0
call 86 

Iter 86 | avg_loss: 1.1097 | α=1.0
call 87 

Iter 87 | avg_loss: 1.1093 | α=1.0
call 88 

Iter 88 | avg_loss: 1.1091 | α=1.0
call 89 

Iter 89 | avg_loss: 1.1087 | α=1.0
call 90 

Iter 90 | avg_loss: 1.1084 | α=1.0
call 91 

Iter 91 | avg_loss: 1.1081 | α=1.0
call 92 

Iter 92 | avg_loss: 1.1078 | α=1.0
call 93 

Iter 93 | avg_loss: 1.1074 | α=1.0
call 94 

Iter 94 | avg_loss: 1.1072 | α=1.0
call 95 

Iter 95 | avg_loss: 1.1069 | α=1.0
call 96 

Iter 96 | avg_loss: 1.1066 | α=1.0
call 97 

Iter 97 | avg_loss: 1.1065 | α=1.0
call 98 

Iter 98 | avg_loss: 1.106 | α=1.0
call 99 

Iter 99 | avg_loss: 1.1056 | α=1.0
call 100 

Iter 100 | avg_loss: 1.1055 | α=1.0
call 101 
