Array task: 1
Node: ag0008
GPUs: 0
call 1 

Iter 1 | avg_loss: 4.1596 | α=0.02
call 2 

Iter 2 | avg_loss: 4.074 | α=0.04
call 3 

Iter 3 | avg_loss: 3.9934 | α=0.06
call 4 

Iter 4 | avg_loss: 3.9127 | α=0.08
call 5 

Iter 5 | avg_loss: 3.8252 | α=0.1
call 6 

Iter 6 | avg_loss: 3.7494 | α=0.12
call 7 

Iter 7 | avg_loss: 3.6684 | α=0.14
call 8 

Iter 8 | avg_loss: 3.5888 | α=0.16
call 9 

Iter 9 | avg_loss: 3.5075 | α=0.18
call 10 

Iter 10 | avg_loss: 3.4269 | α=0.2
call 11 

Iter 11 | avg_loss: 3.3453 | α=0.22
call 12 

Iter 12 | avg_loss: 3.266 | α=0.24
call 13 

Iter 13 | avg_loss: 3.187 | α=0.26
call 14 

Iter 14 | avg_loss: 3.1058 | α=0.28
call 15 

Iter 15 | avg_loss: 3.0261 | α=0.3
call 16 

Iter 16 | avg_loss: 2.9461 | α=0.32
call 17 

Iter 17 | avg_loss: 2.8668 | α=0.34
call 18 

Iter 18 | avg_loss: 2.7861 | α=0.36
call 19 

Iter 19 | avg_loss: 2.706 | α=0.38
call 20 

Iter 20 | avg_loss: 2.6273 | α=0.4
call 21 

Iter 21 | avg_loss: 2.5487 | α=0.42
call 22 

Iter 22 | avg_loss: 2.4697 | α=0.44
call 23 

Iter 23 | avg_loss: 2.3898 | α=0.46
call 24 

Iter 24 | avg_loss: 2.3106 | α=0.48
call 25 

Iter 25 | avg_loss: 2.232 | α=0.5
call 26 

Iter 26 | avg_loss: 2.1524 | α=0.52
call 27 

Iter 27 | avg_loss: 2.0751 | α=0.54
call 28 

Iter 28 | avg_loss: 1.9963 | α=0.56
call 29 

Iter 29 | avg_loss: 1.9183 | α=0.58
call 30 

Iter 30 | avg_loss: 1.8398 | α=0.6
call 31 

Iter 31 | avg_loss: 1.7613 | α=0.62
call 32 

Iter 32 | avg_loss: 1.683 | α=0.64
call 33 

Iter 33 | avg_loss: 1.6041 | α=0.66
call 34 

Iter 34 | avg_loss: 1.5257 | α=0.68
call 35 

Iter 35 | avg_loss: 1.4481 | α=0.7
call 36 

Iter 36 | avg_loss: 1.3699 | α=0.72
call 37 

Iter 37 | avg_loss: 1.2915 | α=0.74
call 38 

Iter 38 | avg_loss: 1.2138 | α=0.76
call 39 

Iter 39 | avg_loss: 1.1356 | α=0.78
call 40 

Iter 40 | avg_loss: 1.0575 | α=0.8
call 41 

Iter 41 | avg_loss: 0.97968 | α=0.82
call 42 

Iter 42 | avg_loss: 0.90162 | α=0.84
call 43 

Iter 43 | avg_loss: 0.82358 | α=0.86
call 44 

Iter 44 | avg_loss: 0.74581 | α=0.88
call 45 

Iter 45 | avg_loss: 0.66771 | α=0.9
call 46 

Iter 46 | avg_loss: 0.5898 | α=0.92
call 47 

Iter 47 | avg_loss: 0.51213 | α=0.94
call 48 

Iter 48 | avg_loss: 0.4343 | α=0.96
call 49 

Iter 49 | avg_loss: 0.35657 | α=0.98
call 50 

Iter 50 | avg_loss: 0.27878 | α=1.0
call 51 

Iter 51 | avg_loss: 0.20101 | α=1.0
call 52 

Iter 52 | avg_loss: 0.20053 | α=1.0
call 53 

Iter 53 | avg_loss: 0.20005 | α=1.0
call 54 

Iter 54 | avg_loss: 0.19954 | α=1.0
call 55 

Iter 55 | avg_loss: 0.19903 | α=1.0
call 56 

Iter 56 | avg_loss: 0.19853 | α=1.0
call 57 

Iter 57 | avg_loss: 0.19812 | α=1.0
call 58 

Iter 58 | avg_loss: 0.19765 | α=1.0
call 59 

Iter 59 | avg_loss: 0.19707 | α=1.0
call 60 

Iter 60 | avg_loss: 0.1966 | α=1.0
call 61 

Iter 61 | avg_loss: 0.19611 | α=1.0
call 62 

Iter 62 | avg_loss: 0.19557 | α=1.0
call 63 

Iter 63 | avg_loss: 0.1951 | α=1.0
call 64 

Iter 64 | avg_loss: 0.19464 | α=1.0
call 65 

Iter 65 | avg_loss: 0.19419 | α=1.0
call 66 

Iter 66 | avg_loss: 0.19366 | α=1.0
call 67 

Iter 67 | avg_loss: 0.19321 | α=1.0
call 68 

Iter 68 | avg_loss: 0.19276 | α=1.0
call 69 

Iter 69 | avg_loss: 0.19232 | α=1.0
call 70 

Iter 70 | avg_loss: 0.1918 | α=1.0
call 71 

Iter 71 | avg_loss: 0.19145 | α=1.0
call 72 

Iter 72 | avg_loss: 0.19109 | α=1.0
call 73 

Iter 73 | avg_loss: 0.19063 | α=1.0
call 74 

Iter 74 | avg_loss: 0.19023 | α=1.0
call 75 

Iter 75 | avg_loss: 0.18992 | α=1.0
call 76 

Iter 76 | avg_loss: 0.18948 | α=1.0
call 77 

Iter 77 | avg_loss: 0.18908 | α=1.0
call 78 

Iter 78 | avg_loss: 0.1887 | α=1.0
call 79 

Iter 79 | avg_loss: 0.18836 | α=1.0
call 80 

Iter 80 | avg_loss: 0.18795 | α=1.0
call 81 

Iter 81 | avg_loss: 0.18761 | α=1.0
call 82 

Iter 82 | avg_loss: 0.18732 | α=1.0
call 83 

Iter 83 | avg_loss: 0.18694 | α=1.0
call 84 

Iter 84 | avg_loss: 0.18667 | α=1.0
call 85 

Iter 85 | avg_loss: 0.18628 | α=1.0
call 86 

Iter 86 | avg_loss: 0.18597 | α=1.0
call 87 

Iter 87 | avg_loss: 0.1856 | α=1.0
call 88 

Iter 88 | avg_loss: 0.18532 | α=1.0
call 89 

Iter 89 | avg_loss: 0.18495 | α=1.0
call 90 

Iter 90 | avg_loss: 0.18463 | α=1.0
call 91 

Iter 91 | avg_loss: 0.18421 | α=1.0
call 92 

Iter 92 | avg_loss: 0.18399 | α=1.0
call 93 

Iter 93 | avg_loss: 0.18365 | α=1.0
call 94 

Iter 94 | avg_loss: 0.1833 | α=1.0
call 95 

Iter 95 | avg_loss: 0.18297 | α=1.0
call 96 

Iter 96 | avg_loss: 0.18264 | α=1.0
call 97 

Iter 97 | avg_loss: 0.18231 | α=1.0
call 98 

Iter 98 | avg_loss: 0.18203 | α=1.0
call 99 

Iter 99 | avg_loss: 0.18174 | α=1.0
call 100 

Iter 100 | avg_loss: 0.18144 | α=1.0
call 101 

Iter 101 | avg_loss: 0.18113 | α=1.0
call 102 
