Array task: 3
Node: ag0005
GPUs: 0
call 1 

Iter 1 | avg_loss: 4.1783 | α=0.02
call 2 

Iter 2 | avg_loss: 4.0993 | α=0.04
call 3 

Iter 3 | avg_loss: 4.0148 | α=0.06
call 4 

Iter 4 | avg_loss: 3.9321 | α=0.08
call 5 

Iter 5 | avg_loss: 3.8497 | α=0.1
call 6 

Iter 6 | avg_loss: 3.77 | α=0.12
call 7 

Iter 7 | avg_loss: 3.6881 | α=0.14
call 8 

Iter 8 | avg_loss: 3.6046 | α=0.16
call 9 

Iter 9 | avg_loss: 3.5247 | α=0.18
call 10 

Iter 10 | avg_loss: 3.4436 | α=0.2
call 11 

Iter 11 | avg_loss: 3.3652 | α=0.22
call 12 

Iter 12 | avg_loss: 3.282 | α=0.24
call 13 

Iter 13 | avg_loss: 3.2012 | α=0.26
call 14 

Iter 14 | avg_loss: 3.1207 | α=0.28
call 15 

Iter 15 | avg_loss: 3.0403 | α=0.3
call 16 

Iter 16 | avg_loss: 2.9604 | α=0.32
call 17 

Iter 17 | avg_loss: 2.8805 | α=0.34
call 18 

Iter 18 | avg_loss: 2.8014 | α=0.36
call 19 

Iter 19 | avg_loss: 2.7223 | α=0.38
call 20 

Iter 20 | avg_loss: 2.6414 | α=0.4
call 21 

Iter 21 | avg_loss: 2.5617 | α=0.42
call 22 

Iter 22 | avg_loss: 2.483 | α=0.44
call 23 

Iter 23 | avg_loss: 2.404 | α=0.46
call 24 

Iter 24 | avg_loss: 2.3244 | α=0.48
call 25 

Iter 25 | avg_loss: 2.2457 | α=0.5
call 26 

Iter 26 | avg_loss: 2.1705 | α=0.52
call 27 

Iter 27 | avg_loss: 2.0875 | α=0.54
call 28 

Iter 28 | avg_loss: 2.0091 | α=0.56
call 29 

Iter 29 | avg_loss: 1.9307 | α=0.58
call 30 

Iter 30 | avg_loss: 1.8524 | α=0.6
call 31 

Iter 31 | avg_loss: 1.7735 | α=0.62
call 32 

Iter 32 | avg_loss: 1.6952 | α=0.64
call 33 

Iter 33 | avg_loss: 1.6168 | α=0.66
call 34 

Iter 34 | avg_loss: 1.5386 | α=0.68
call 35 

Iter 35 | avg_loss: 1.4604 | α=0.7
call 36 

Iter 36 | avg_loss: 1.3822 | α=0.72
call 37 

Iter 37 | avg_loss: 1.3042 | α=0.74
call 38 

Iter 38 | avg_loss: 1.2261 | α=0.76
call 39 

Iter 39 | avg_loss: 1.1478 | α=0.78
call 40 

Iter 40 | avg_loss: 1.0701 | α=0.8
call 41 

Iter 41 | avg_loss: 0.9921 | α=0.82
call 42 

Iter 42 | avg_loss: 0.91396 | α=0.84
call 43 

Iter 43 | avg_loss: 0.83587 | α=0.86
call 44 

Iter 44 | avg_loss: 0.75847 | α=0.88
call 45 

Iter 45 | avg_loss: 0.68002 | α=0.9
call 46 

Iter 46 | avg_loss: 0.60255 | α=0.92
call 47 

Iter 47 | avg_loss: 0.52448 | α=0.94
call 48 

Iter 48 | avg_loss: 0.44666 | α=0.96
call 49 

Iter 49 | avg_loss: 0.36903 | α=0.98
call 50 

Iter 50 | avg_loss: 0.29086 | α=1.0
call 51 

Iter 51 | avg_loss: 0.21326 | α=1.0
call 52 

Iter 52 | avg_loss: 0.21304 | α=1.0
call 53 

Iter 53 | avg_loss: 0.21229 | α=1.0
call 54 

Iter 54 | avg_loss: 0.21199 | α=1.0
call 55 

Iter 55 | avg_loss: 0.21182 | α=1.0
call 56 

Iter 56 | avg_loss: 0.21087 | α=1.0
call 57 

Iter 57 | avg_loss: 0.21021 | α=1.0
call 58 

Iter 58 | avg_loss: 0.20979 | α=1.0
call 59 

Iter 59 | avg_loss: 0.20886 | α=1.0
call 60 

Iter 60 | avg_loss: 0.20871 | α=1.0
call 61 

Iter 61 | avg_loss: 0.20806 | α=1.0
call 62 

Iter 62 | avg_loss: 0.20744 | α=1.0
call 63 

Iter 63 | avg_loss: 0.20701 | α=1.0
call 64 

Iter 64 | avg_loss: 0.20657 | α=1.0
call 65 

Iter 65 | avg_loss: 0.20693 | α=1.0
call 66 

Iter 66 | avg_loss: 0.20541 | α=1.0
call 67 

Iter 67 | avg_loss: 0.20467 | α=1.0
call 68 

Iter 68 | avg_loss: 0.20456 | α=1.0
call 69 

Iter 69 | avg_loss: 0.20423 | α=1.0
call 70 

Iter 70 | avg_loss: 0.20352 | α=1.0
call 71 

Iter 71 | avg_loss: 0.2045 | α=1.0
call 72 

Iter 72 | avg_loss: 0.20429 | α=1.0
call 73 

Iter 73 | avg_loss: 0.20249 | α=1.0
call 74 

Iter 74 | avg_loss: 0.20184 | α=1.0
call 75 

Iter 75 | avg_loss: 0.20308 | α=1.0
call 76 

Iter 76 | avg_loss: 0.20193 | α=1.0
call 77 

Iter 77 | avg_loss: 0.20236 | α=1.0
call 78 

Iter 78 | avg_loss: 0.20114 | α=1.0
call 79 

Iter 79 | avg_loss: 0.20139 | α=1.0
call 80 

Iter 80 | avg_loss: 0.1997 | α=1.0
call 81 

Iter 81 | avg_loss: 0.20074 | α=1.0
call 82 

Iter 82 | avg_loss: 0.20158 | α=1.0
call 83 

Iter 83 | avg_loss: 0.2003 | α=1.0
call 84 

Iter 84 | avg_loss: 0.20209 | α=1.0
call 85 

Iter 85 | avg_loss: 0.1997 | α=1.0
call 86 

Iter 86 | avg_loss: 0.19934 | α=1.0
call 87 

Iter 87 | avg_loss: 0.19938 | α=1.0
call 88 

Iter 88 | avg_loss: 0.19931 | α=1.0
call 89 

Iter 89 | avg_loss: 0.1999 | α=1.0
call 90 

Iter 90 | avg_loss: 0.20426 | α=1.0
call 91 

Iter 91 | avg_loss: 0.19868 | α=1.0
call 92 

Iter 92 | avg_loss: 0.20298 | α=1.0
call 93 

Iter 93 | avg_loss: 0.20217 | α=1.0
call 94 

Iter 94 | avg_loss: 0.19871 | α=1.0
call 95 

Iter 95 | avg_loss: 0.20119 | α=1.0
call 96 

Iter 96 | avg_loss: 0.20035 | α=1.0
call 97 

Iter 97 | avg_loss: 0.19532 | α=1.0
call 98 
