 gcccore/11.2.0 loaded.
 zlib/1.2.11-gcccore-11.2.0 loaded.
 binutils/2.37-gcccore-11.2.0 loaded.
 gcc/11.2.0 loaded.
 numactl/2.0.14-gcccore-11.2.0 loaded.
 xz/5.2.5-gcccore-11.2.0 loaded.
 libxml2/2.9.10-gcccore-11.2.0 loaded.
 libpciaccess/0.16-gcccore-11.2.0 loaded.
 hwloc/2.5.0-gcccore-11.2.0 loaded.
 openssl/1.1 loaded.
 libevent/2.1.12-gcccore-11.2.0 loaded.
 ucx/1.11.2-gcccore-11.2.0 loaded.
 libfabric/1.13.2-gcccore-11.2.0 loaded.
 pmix/4.1.0-gcccore-11.2.0 loaded.
 openmpi/4.1.1-gcc-11.2.0 loaded.
 openblas/0.3.17-gcc-11.2.0 loaded.
 flexiblas/3.0.4-gcc-11.2.0 loaded.
 gompi/2021b loaded.
 fftw/3.3.10-gompi-2021b loaded.
 scalapack/2.1.0-gompi-2021b-fb loaded.
 foss/2021b loaded.
 julia/1.10.0-linux-x86_64 loaded.
WARNING: Method definition setup(Optimisers.AbstractRule, ComponentArrays.ComponentArray{T, N, A, Axes} where Axes<:Tuple{Vararg{ComponentArrays.AbstractAxis{IdxMap} where IdxMap}} where A<:AbstractArray{T, N} where N where T) in module ComponentArraysOptimisersExt at /net/people/plgrid/plgelenagdelpozo/.julia/packages/ComponentArrays/fwmmC/ext/ComponentArraysOptimisersExt.jl:7 overwritten in module LuxComponentArraysExt at /net/people/plgrid/plgelenagdelpozo/.julia/packages/Lux/5xfGO/ext/LuxComponentArraysExt.jl:19.
ERROR: Method overwriting is not permitted during Module precompilation. Use `__precompile__(false)` to opt-out of precompilation.
[ Info: Early stopping at iteration 21 with loss 2.1641396347013835
┌ Warning: Opening file with JLD2.MmapIO failed, falling back to IOStream
└ @ JLD2 ~/.julia/packages/JLD2/KyKLQ/src/JLD2.jl:153
ERROR: LoadError: SystemError: opening file "trainings/pinn_all_patients_data_local.jld2": No such file or directory
Stacktrace:
  [1] systemerror(p::String, errno::Int32; extrainfo::Nothing)
    @ Base ./error.jl:176
  [2] systemerror
    @ ./error.jl:176
  [3] systemerror
    @ Base ./error.jl:175 [inlined]
  [4] open(fname::String; lock::Bool, read::Bool, write::Bool, create::Bool, truncate::Bool, append::Bool)
    @ Base ./iostream.jl:293
  [5] open
    @ Base ./iostream.jl:275 [inlined]
  [6] openfile
    @ JLD2 ~/.julia/packages/JLD2/KyKLQ/src/JLD2.jl:143 [inlined]
  [7] openfile(T::Type, fname::String, wr::Bool, create::Bool, truncate::Bool, fallback::Type)
    @ JLD2 ~/.julia/packages/JLD2/KyKLQ/src/JLD2.jl:154
  [8] jldopen(fname::String, wr::Bool, create::Bool, truncate::Bool, iotype::Type{JLD2.MmapIO}; fallback::Type{IOStream}, compress::Bool, mmaparrays::Bool, typemap::Dict{String, Any}, parallel_read::Bool, plain::Bool)
    @ JLD2 ~/.julia/packages/JLD2/KyKLQ/src/JLD2.jl:215
  [9] jldopen
    @ ~/.julia/packages/JLD2/KyKLQ/src/JLD2.jl:164 [inlined]
 [10] #jldopen#23
    @ ~/.julia/packages/JLD2/KyKLQ/src/JLD2.jl:286 [inlined]
 [11] jldopen
    @ ~/.julia/packages/JLD2/KyKLQ/src/JLD2.jl:279 [inlined]
 [12] jldsave(filename::String, compress::Bool, iotype::Type{JLD2.MmapIO}; kwargs...)
    @ JLD2 ~/.julia/packages/JLD2/KyKLQ/src/loadsave.jl:286
 [13] jldsave
    @ JLD2 ~/.julia/packages/JLD2/KyKLQ/src/loadsave.jl:283 [inlined]
 [14] top-level scope
    @ ~/CV_0D_models/PINNFuser.jl/main/main.jl:46
in expression starting at /net/people/plgrid/plgelenagdelpozo/CV_0D_models/PINNFuser.jl/main/main.jl:46

caused by: SystemError: opening file "trainings/pinn_all_patients_data_local.jld2": No such file or directory
Stacktrace:
  [1] systemerror(p::String, errno::Int32; extrainfo::Nothing)
    @ Base ./error.jl:176
  [2] systemerror
    @ ./error.jl:176
  [3] systemerror
    @ Base ./error.jl:175 [inlined]
  [4] open(fname::String; lock::Bool, read::Bool, write::Bool, create::Bool, truncate::Bool, append::Bool)
    @ Base ./iostream.jl:293
  [5] open
    @ Base ./iostream.jl:275 [inlined]
  [6] JLD2.MmapIO(fname::String, write::Bool, create::Bool, truncate::Bool)
    @ JLD2 ~/.julia/packages/JLD2/KyKLQ/src/io/mmapio.jl:101
  [7] openfile
    @ JLD2 ~/.julia/packages/JLD2/KyKLQ/src/JLD2.jl:146 [inlined]
  [8] openfile(T::Type, fname::String, wr::Bool, create::Bool, truncate::Bool, fallback::Type)
    @ JLD2 ~/.julia/packages/JLD2/KyKLQ/src/JLD2.jl:151
  [9] jldopen(fname::String, wr::Bool, create::Bool, truncate::Bool, iotype::Type{JLD2.MmapIO}; fallback::Type{IOStream}, compress::Bool, mmaparrays::Bool, typemap::Dict{String, Any}, parallel_read::Bool, plain::Bool)
    @ JLD2 ~/.julia/packages/JLD2/KyKLQ/src/JLD2.jl:215
 [10] jldopen
    @ ~/.julia/packages/JLD2/KyKLQ/src/JLD2.jl:164 [inlined]
 [11] #jldopen#23
    @ ~/.julia/packages/JLD2/KyKLQ/src/JLD2.jl:286 [inlined]
 [12] jldopen
    @ ~/.julia/packages/JLD2/KyKLQ/src/JLD2.jl:279 [inlined]
 [13] jldsave(filename::String, compress::Bool, iotype::Type{JLD2.MmapIO}; kwargs...)
    @ JLD2 ~/.julia/packages/JLD2/KyKLQ/src/loadsave.jl:286
 [14] jldsave
    @ JLD2 ~/.julia/packages/JLD2/KyKLQ/src/loadsave.jl:283 [inlined]
 [15] top-level scope
    @ ~/CV_0D_models/PINNFuser.jl/main/main.jl:46
