WARNING: Method definition rrule(typeof(Base.merge), T1, T2) where {T1<:(NamedTuple{names, T} where T<:Tuple where names), T2<:(NamedTuple{names, T} where T<:Tuple where names)} in module Lux at /net/people/plgrid/plgelenagdelpozo/.julia/packages/Lux/68T9j/src/chainrules.jl:17 overwritten in module ChainRules at /net/people/plgrid/plgelenagdelpozo/.julia/packages/ChainRules/esTf8/src/rulesets/Base/base.jl:313.
ERROR: Method overwriting is not permitted during Module precompilation. Use `__precompile__(false)` to opt-out of precompilation.
ERROR: LoadError: ParseError:
# Error @ /net/afscra/people/plgelenagdelpozo/PINNFuser.jl/src/Tester.jl:135:13
end #function
end # module
#           └ ── Expected `end`
Stacktrace:
 [1] top-level scope
   @ /net/afscra/people/plgelenagdelpozo/PINNFuser.jl/src/Tester.jl:135
 [2] include(mod::Module, _path::String)
   @ Base ./Base.jl:495
 [3] include(x::String)
   @ Main.LibInfuser /net/afscra/people/plgelenagdelpozo/PINNFuser.jl/src/Lib.jl:2
 [4] top-level scope
   @ /net/afscra/people/plgelenagdelpozo/PINNFuser.jl/src/Lib.jl:8
 [5] include(fname::String)
   @ Base.MainInclude ./client.jl:489
 [6] top-level scope
   @ /net/afscra/people/plgelenagdelpozo/PINNFuser.jl/main/main.jl:6
in expression starting at /net/afscra/people/plgelenagdelpozo/PINNFuser.jl/src/Tester.jl:135
in expression starting at /net/afscra/people/plgelenagdelpozo/PINNFuser.jl/src/Lib.jl:2
in expression starting at /net/afscra/people/plgelenagdelpozo/PINNFuser.jl/main/main.jl:6
